// Jest Snapshot v1, https://goo.gl/fbAQLP

exports[`alias should log the correct info 1`] = `
Array [
  "resolve 'aliasA/dir' in '/'",
  "  Parsed request is a module",
  "  No description file found in / or above",
  "  aliased with mapping 'aliasA': 'a' to 'a/dir'",
  "    Parsed request is a module",
  "    No description file found in / or above",
  "    resolve as module",
  "      looking for modules in /",
  "        existing directory /a",
  "          No description file found in /a or above",
  "          No description file found in /a or above",
  "          no extension",
  "            /a/dir is not a file",
  "          .js",
  "            /a/dir.js doesn't exist",
  "          .json",
  "            /a/dir.json doesn't exist",
  "          .node",
  "            /a/dir.node doesn't exist",
  "          as directory",
  "            existing directory /a/dir",
  "              No description file found in /a/dir or above",
  "              using path: /a/dir/index",
  "                No description file found in /a/dir or above",
  "                no extension",
  "                  existing file: /a/dir/index",
  "                    reporting result /a/dir/index",
]
`;
